<?xml version="1.0" encoding="utf-8"?><testsuites name="pytest tests"><testsuite name="pytest" errors="0" failures="0" skipped="0" tests="330" time="32.462" timestamp="2026-08-19T21:53:11.754605+05:30" hostname="Nikesh-Laptop"><testcase classname="tests.api.test_auth" name="test_login_with_valid_credentials_returns_a_bearer_token" time="0.699" /><testcase classname="tests.api.test_auth" name="test_me_returns_the_caller_identity" time="0.322" /><testcase classname="tests.api.test_auth" name="test_the_login_response_does_not_leak_the_password_hash" time="0.092" /><testcase classname="tests.api.test_auth" name="test_login_with_the_wrong_password_is_rejected" time="0.091" /><testcase classname="tests.api.test_auth" name="test_unknown_user_and_wrong_password_are_indistinguishable" time="0.096" /><testcase classname="tests.api.test_auth" name="test_malformed_login_payloads_are_rejected_by_field[email-missing]" time="0.040" /><testcase classname="tests.api.test_auth" name="test_malformed_login_payloads_are_rejected_by_field[password-missing]" time="0.023" /><testcase classname="tests.api.test_auth" name="test_malformed_login_payloads_are_rejected_by_field[email-malformed]" time="0.026" /><testcase classname="tests.api.test_auth" name="test_malformed_login_payloads_are_rejected_by_field[email-empty]" time="0.020" /><testcase classname="tests.api.test_auth" name="test_malformed_login_payloads_are_rejected_by_field[pw-empty]" time="0.021" /><testcase classname="tests.api.test_auth" name="test_a_protected_endpoint_rejects_an_anonymous_request" time="0.018" /><testcase classname="tests.api.test_auth" name="test_malformed_authorization_headers_are_rejected[empty]" time="0.020" /><testcase classname="tests.api.test_auth" name="test_malformed_authorization_headers_are_rejected[scheme-only]" time="0.016" /><testcase classname="tests.api.test_auth" name="test_malformed_authorization_headers_are_rejected[double-space]" time="0.035" /><testcase classname="tests.api.test_auth" name="test_malformed_authorization_headers_are_rejected[not-a-jwt]" time="0.029" /><testcase classname="tests.api.test_auth" name="test_malformed_authorization_headers_are_rejected[three-segments-but-garbage]" time="0.045" /><testcase classname="tests.api.test_auth" name="test_malformed_authorization_headers_are_rejected[wrong-scheme]" time="0.024" /><testcase classname="tests.api.test_auth" name="test_malformed_authorization_headers_are_rejected[lowercase-scheme-garbage-token]" time="0.018" /><testcase classname="tests.api.test_auth" name="test_a_token_signed_with_the_wrong_key_is_rejected" time="0.018" /><testcase classname="tests.api.test_auth" name="test_a_rejected_request_advertises_the_expected_scheme" time="0.018" /><testcase classname="tests.api.test_auth" name="test_the_correlation_id_is_echoed_back" time="0.020" /><testcase classname="tests.api.test_authorization" name="test_a_customer_cannot_read_another_customers_claim" time="0.056" /><testcase classname="tests.api.test_authorization" name="test_the_owner_can_read_their_own_claim" time="0.051" /><testcase classname="tests.api.test_authorization" name="test_a_customer_cannot_modify_another_customers_claim" time="0.094" /><testcase classname="tests.api.test_authorization" name="test_a_customers_list_never_includes_another_customers_claims" time="0.060" /><testcase classname="tests.api.test_authorization" name="test_staff_can_read_any_customers_claim" time="0.052" /><testcase classname="tests.api.test_authorization" name="test_a_customer_cannot_list_users" time="0.043" /><testcase classname="tests.api.test_authorization" name="test_an_administrator_can_list_users" time="0.027" /><testcase classname="tests.api.test_authorization" name="test_an_adjuster_cannot_administer_users" time="0.031" /><testcase classname="tests.api.test_authorization" name="test_a_customer_cannot_create_a_user" time="0.024" /><testcase classname="tests.api.test_authorization" name="test_an_administrator_can_create_a_user" time="0.103" /><testcase classname="tests.api.test_authorization" name="test_an_adjuster_may_approve_up_to_and_including_the_limit[far-below-limit]" time="0.087" /><testcase classname="tests.api.test_authorization" name="test_an_adjuster_may_approve_up_to_and_including_the_limit[one-cent-below-limit]" time="0.108" /><testcase classname="tests.api.test_authorization" name="test_an_adjuster_may_approve_up_to_and_including_the_limit[exactly-at-limit]" time="0.084" /><testcase classname="tests.api.test_authorization" name="test_an_adjuster_may_not_approve_above_the_limit[one-cent-above-limit]" time="0.091" /><testcase classname="tests.api.test_authorization" name="test_an_adjuster_may_not_approve_above_the_limit[far-above-limit]" time="0.090" /><testcase classname="tests.api.test_authorization" name="test_an_administrator_may_approve_above_the_adjuster_limit" time="0.093" /><testcase classname="tests.api.test_authorization" name="test_a_customer_cannot_approve_their_own_claim" time="0.130" /><testcase classname="tests.api.test_claims_crud" name="test_creating_a_claim_returns_the_full_contract" time="0.091" /><testcase classname="tests.api.test_claims_crud" name="test_a_created_claim_can_be_read_back_unchanged" time="0.052" /><testcase classname="tests.api.test_claims_crud" name="test_each_claim_receives_a_distinct_reference" time="0.095" /><testcase classname="tests.api.test_claims_crud" name="test_updating_a_draft_changes_only_the_field_sent" time="0.065" /><testcase classname="tests.api.test_claims_crud" name="test_withdrawing_a_draft_moves_it_to_withdrawn_and_keeps_it_visible" time="0.050" /><testcase classname="tests.api.test_claims_crud" name="test_withdrawal_is_recorded_in_the_audit_trail" time="0.061" /><testcase classname="tests.api.test_claims_crud" name="test_creating_a_claim_records_its_first_audit_event" time="0.057" /><testcase classname="tests.api.test_claims_crud" name="test_listing_claims_returns_a_page_with_metadata" time="0.030" /><testcase classname="tests.api.test_claims_crud" name="test_the_default_page_size_matches_the_published_contract" time="0.031" /><testcase classname="tests.api.test_claims_crud" name="test_paging_returns_different_claims_on_each_page" time="0.058" /><testcase classname="tests.api.test_claims_crud" name="test_filtering_by_status_returns_only_that_status[DRAFT]" time="0.052" /><testcase classname="tests.api.test_claims_crud" name="test_filtering_by_status_returns_only_that_status[SUBMITTED]" time="0.029" /><testcase classname="tests.api.test_claims_crud" name="test_filtering_by_status_returns_only_that_status[UNDER_REVIEW]" time="0.029" /><testcase classname="tests.api.test_claims_crud" name="test_filtering_by_status_returns_only_that_status[APPROVED]" time="0.030" /><testcase classname="tests.api.test_claims_crud" name="test_filtering_by_status_returns_only_that_status[REJECTED]" time="0.030" /><testcase classname="tests.api.test_claims_crud" name="test_filtering_by_status_returns_only_that_status[PAID]" time="0.047" /><testcase classname="tests.api.test_claims_crud" name="test_filtering_by_status_returns_only_that_status[WITHDRAWN]" time="0.038" /><testcase classname="tests.api.test_claims_crud" name="test_filtering_by_amount_range_excludes_values_outside_it" time="0.044" /><testcase classname="tests.api.test_claims_crud" name="test_searching_finds_a_claim_the_test_created_itself" time="0.051" /><testcase classname="tests.api.test_claims_crud" name="test_searching_by_reference_finds_exactly_that_claim" time="0.068" /><testcase classname="tests.api.test_claims_crud" name="test_a_search_matching_nothing_returns_an_empty_page_not_an_error" time="0.039" /><testcase classname="tests.api.test_claims_crud" name="test_sorting_orders_the_results[amount-ascending]" time="0.035" /><testcase classname="tests.api.test_claims_crud" name="test_sorting_orders_the_results[amount-descending]" time="0.039" /><testcase classname="tests.api.test_claims_crud" name="test_sorting_orders_the_results[incident-date-ascending]" time="0.036" /><testcase classname="tests.api.test_claims_crud" name="test_sorting_orders_the_results[incident-date-descending]" time="0.035" /><testcase classname="tests.api.test_claims_crud" name="test_the_seeded_corpus_is_present_for_the_list_tests" time="0.028" /><testcase classname="tests.api.test_claims_validation" name="test_non_positive_amounts_are_rejected[zero]" time="0.047" /><testcase classname="tests.api.test_claims_validation" name="test_non_positive_amounts_are_rejected[zero-decimals]" time="0.051" /><testcase classname="tests.api.test_claims_validation" name="test_non_positive_amounts_are_rejected[negative-one-cent]" time="0.047" /><testcase classname="tests.api.test_claims_validation" name="test_non_positive_amounts_are_rejected[negative]" time="0.045" /><testcase classname="tests.api.test_claims_validation" name="test_the_smallest_payable_amount_is_accepted" time="0.044" /><testcase classname="tests.api.test_claims_validation" name="test_amounts_with_more_than_two_decimal_places_are_rejected_not_rounded[three-decimals]" time="0.040" /><testcase classname="tests.api.test_claims_validation" name="test_amounts_with_more_than_two_decimal_places_are_rejected_not_rounded[three-decimals-rounds-up]" time="0.039" /><testcase classname="tests.api.test_claims_validation" name="test_amounts_with_more_than_two_decimal_places_are_rejected_not_rounded[sub-cent]" time="0.041" /><testcase classname="tests.api.test_claims_validation" name="test_non_numeric_amounts_are_rejected[text]" time="0.054" /><testcase classname="tests.api.test_claims_validation" name="test_non_numeric_amounts_are_rejected[empty]" time="0.035" /><testcase classname="tests.api.test_claims_validation" name="test_non_numeric_amounts_are_rejected[scientific-notation]" time="0.059" /><testcase classname="tests.api.test_claims_validation" name="test_non_numeric_amounts_are_rejected[whitespace]" time="0.091" /><testcase classname="tests.api.test_claims_validation" name="test_non_numeric_amounts_are_rejected[comma-decimal-separator]" time="0.044" /><testcase classname="tests.api.test_claims_validation" name="test_non_ascii_digits_are_normalised_rather_than_rejected[full-width-digits]" time="0.040" /><testcase classname="tests.api.test_claims_validation" name="test_non_ascii_digits_are_normalised_rather_than_rejected[arabic-indic-digits]" time="0.040" /><testcase classname="tests.api.test_claims_validation" name="test_an_amount_exactly_at_the_coverage_limit_is_accepted" time="0.074" /><testcase classname="tests.api.test_claims_validation" name="test_one_cent_over_the_coverage_limit_is_rejected" time="0.054" /><testcase classname="tests.api.test_claims_validation" name="test_one_cent_under_the_coverage_limit_is_accepted" time="0.057" /><testcase classname="tests.api.test_claims_validation" name="test_description_length_boundaries[one-below-minimum]" time="0.050" /><testcase classname="tests.api.test_claims_validation" name="test_description_length_boundaries[exactly-minimum]" time="0.073" /><testcase classname="tests.api.test_claims_validation" name="test_description_length_boundaries[exactly-maximum]" time="0.071" /><testcase classname="tests.api.test_claims_validation" name="test_description_length_boundaries[one-above-maximum]" time="0.039" /><testcase classname="tests.api.test_claims_validation" name="test_creating_a_claim_against_an_unknown_policy_is_rejected" time="0.040" /><testcase classname="tests.api.test_claims_validation" name="test_a_malformed_identifier_is_a_validation_error[not-a-uuid]" time="0.024" /><testcase classname="tests.api.test_claims_validation" name="test_a_malformed_identifier_is_a_validation_error[numeric]" time="0.047" /><testcase classname="tests.api.test_claims_validation" name="test_a_malformed_identifier_is_a_validation_error[uuid-one-char-short]" time="0.024" /><testcase classname="tests.api.test_claims_validation" name="test_a_well_formed_but_unknown_identifier_is_not_found" time="0.022" /><testcase classname="tests.api.test_claims_validation" name="test_invalid_incident_dates_are_rejected[far-future]" time="0.035" /><testcase classname="tests.api.test_claims_validation" name="test_invalid_incident_dates_are_rejected[wrong-format]" time="0.059" /><testcase classname="tests.api.test_claims_validation" name="test_invalid_incident_dates_are_rejected[impossible-day]" time="0.035" /><testcase classname="tests.api.test_claims_validation" name="test_invalid_incident_dates_are_rejected[impossible-month]" time="0.061" /><testcase classname="tests.api.test_claims_validation" name="test_invalid_incident_dates_are_rejected[empty]" time="0.065" /><testcase classname="tests.api.test_claims_validation" name="test_an_incident_dated_today_is_accepted" time="0.040" /><testcase classname="tests.api.test_claims_validation" name="test_every_required_field_is_actually_required[policy_id]" time="0.051" /><testcase classname="tests.api.test_claims_validation" name="test_every_required_field_is_actually_required[amount]" time="0.059" /><testcase classname="tests.api.test_claims_validation" name="test_every_required_field_is_actually_required[description]" time="0.060" /><testcase classname="tests.api.test_claims_validation" name="test_every_required_field_is_actually_required[incident_date]" time="0.062" /><testcase classname="tests.api.test_claims_validation" name="test_an_unknown_field_does_not_change_the_claim" time="0.043" /><testcase classname="tests.api.test_claims_validation" name="test_page_size_boundaries[size-zero]" time="0.026" /><testcase classname="tests.api.test_claims_validation" name="test_page_size_boundaries[size-minimum]" time="0.050" /><testcase classname="tests.api.test_claims_validation" name="test_page_size_boundaries[size-maximum]" time="0.048" /><testcase classname="tests.api.test_claims_validation" name="test_page_size_boundaries[size-above-maximum]" time="0.035" /><testcase classname="tests.api.test_claims_validation" name="test_page_size_boundaries[size-negative]" time="0.023" /><testcase classname="tests.api.test_claims_validation" name="test_page_numbers_below_one_are_rejected[0]" time="0.023" /><testcase classname="tests.api.test_claims_validation" name="test_page_numbers_below_one_are_rejected[-1]" time="0.024" /><testcase classname="tests.api.test_claims_validation" name="test_a_page_beyond_the_end_returns_an_empty_page" time="0.022" /><testcase classname="tests.api.test_claims_validation" name="test_sorting_by_an_unpermitted_field_is_rejected[unlisted-column]" time="0.050" /><testcase classname="tests.api.test_claims_validation" name="test_sorting_by_an_unpermitted_field_is_rejected[unknown-field]" time="0.046" /><testcase classname="tests.api.test_claims_validation" name="test_sorting_by_an_unpermitted_field_is_rejected[sql-injection-attempt]" time="0.046" /><testcase classname="tests.api.test_claims_validation" name="test_an_oversized_search_term_is_rejected" time="0.023" /><testcase classname="tests.api.test_state_machine" name="test_a_claim_can_travel_the_full_lifecycle" time="0.091" /><testcase classname="tests.api.test_state_machine" name="test_every_published_transition_is_accepted[DRAFT-submit-SUBMITTED]" time="0.115" /><testcase classname="tests.api.test_state_machine" name="test_every_published_transition_is_accepted[SUBMITTED-start_review-UNDER_REVIEW]" time="0.088" /><testcase classname="tests.api.test_state_machine" name="test_every_published_transition_is_accepted[UNDER_REVIEW-approve-APPROVED]" time="0.121" /><testcase classname="tests.api.test_state_machine" name="test_every_published_transition_is_accepted[UNDER_REVIEW-reject-REJECTED]" time="0.105" /><testcase classname="tests.api.test_state_machine" name="test_every_published_transition_is_accepted[APPROVED-pay-PAID]" time="0.105" /><testcase classname="tests.api.test_state_machine" name="test_illegal_transitions_are_refused[SUBMITTED-cannot-submit]" time="0.076" /><testcase classname="tests.api.test_state_machine" name="test_illegal_transitions_are_refused[UNDER_REVIEW-cannot-submit]" time="0.081" /><testcase classname="tests.api.test_state_machine" name="test_illegal_transitions_are_refused[APPROVED-cannot-submit]" time="0.130" /><testcase classname="tests.api.test_state_machine" name="test_illegal_transitions_are_refused[REJECTED-cannot-submit]" time="0.102" /><testcase classname="tests.api.test_state_machine" name="test_illegal_transitions_are_refused[PAID-cannot-submit]" time="0.135" /><testcase classname="tests.api.test_state_machine" name="test_illegal_transitions_are_refused[DRAFT-cannot-start_review]" time="0.108" /><testcase classname="tests.api.test_state_machine" name="test_illegal_transitions_are_refused[UNDER_REVIEW-cannot-start_review]" time="0.081" /><testcase classname="tests.api.test_state_machine" name="test_illegal_transitions_are_refused[APPROVED-cannot-start_review]" time="0.106" /><testcase classname="tests.api.test_state_machine" name="test_illegal_transitions_are_refused[REJECTED-cannot-start_review]" time="0.106" /><testcase classname="tests.api.test_state_machine" name="test_illegal_transitions_are_refused[PAID-cannot-start_review]" time="0.104" /><testcase classname="tests.api.test_state_machine" name="test_illegal_transitions_are_refused[DRAFT-cannot-approve]" time="0.081" /><testcase classname="tests.api.test_state_machine" name="test_illegal_transitions_are_refused[SUBMITTED-cannot-approve]" time="0.071" /><testcase classname="tests.api.test_state_machine" name="test_illegal_transitions_are_refused[APPROVED-cannot-approve]" time="0.107" /><testcase classname="tests.api.test_state_machine" name="test_illegal_transitions_are_refused[REJECTED-cannot-approve]" time="0.123" /><testcase classname="tests.api.test_state_machine" name="test_illegal_transitions_are_refused[PAID-cannot-approve]" time="0.126" /><testcase classname="tests.api.test_state_machine" name="test_illegal_transitions_are_refused[DRAFT-cannot-reject]" time="0.088" /><testcase classname="tests.api.test_state_machine" name="test_illegal_transitions_are_refused[SUBMITTED-cannot-reject]" time="0.090" /><testcase classname="tests.api.test_state_machine" name="test_illegal_transitions_are_refused[APPROVED-cannot-reject]" time="0.112" /><testcase classname="tests.api.test_state_machine" name="test_illegal_transitions_are_refused[REJECTED-cannot-reject]" time="0.103" /><testcase classname="tests.api.test_state_machine" name="test_illegal_transitions_are_refused[PAID-cannot-reject]" time="0.131" /><testcase classname="tests.api.test_state_machine" name="test_illegal_transitions_are_refused[DRAFT-cannot-pay]" time="0.064" /><testcase classname="tests.api.test_state_machine" name="test_illegal_transitions_are_refused[SUBMITTED-cannot-pay]" time="0.071" /><testcase classname="tests.api.test_state_machine" name="test_illegal_transitions_are_refused[UNDER_REVIEW-cannot-pay]" time="0.103" /><testcase classname="tests.api.test_state_machine" name="test_illegal_transitions_are_refused[REJECTED-cannot-pay]" time="0.098" /><testcase classname="tests.api.test_state_machine" name="test_illegal_transitions_are_refused[PAID-cannot-pay]" time="0.134" /><testcase classname="tests.api.test_state_machine" name="test_a_withdrawn_claim_accepts_no_transition[submit]" time="0.075" /><testcase classname="tests.api.test_state_machine" name="test_a_withdrawn_claim_accepts_no_transition[start_review]" time="0.075" /><testcase classname="tests.api.test_state_machine" name="test_a_withdrawn_claim_accepts_no_transition[approve]" time="0.054" /><testcase classname="tests.api.test_state_machine" name="test_a_withdrawn_claim_accepts_no_transition[reject]" time="0.060" /><testcase classname="tests.api.test_state_machine" name="test_a_withdrawn_claim_accepts_no_transition[pay]" time="0.057" /><testcase classname="tests.api.test_state_machine" name="test_an_unknown_action_is_rejected" time="0.056" /><testcase classname="tests.api.test_state_machine" name="test_a_paid_claim_cannot_be_edited" time="0.129" /><testcase classname="tests.api.test_state_machine" name="test_a_paid_claim_cannot_be_withdrawn" time="0.122" /><testcase classname="tests.api.test_state_machine" name="test_paying_the_same_claim_twice_is_refused" time="0.141" /><testcase classname="tests.api.test_state_machine" name="test_every_transition_appends_exactly_one_audit_event" time="0.104" /><testcase classname="tests.api.test_state_machine" name="test_a_refused_transition_writes_no_audit_event" time="0.116" /><testcase classname="tests.api.test_state_machine" name="test_the_approving_actor_is_recorded_on_the_claim" time="0.100" /><testcase classname="tests.db.test_audit_and_payouts" name="test_every_transition_writes_exactly_one_audit_row" time="0.181" /><testcase classname="tests.db.test_audit_and_payouts" name="test_the_audit_chain_has_no_gaps" time="0.149" /><testcase classname="tests.db.test_audit_and_payouts" name="test_each_audit_row_names_the_actor_who_caused_it" time="0.168" /><testcase classname="tests.db.test_audit_and_payouts" name="test_a_refused_transition_writes_no_audit_row" time="0.138" /><testcase classname="tests.db.test_audit_and_payouts" name="test_paying_a_claim_writes_exactly_one_payout_for_the_right_amount" time="0.201" /><testcase classname="tests.db.test_audit_and_payouts" name="test_a_second_payment_attempt_creates_no_second_payout" time="0.176" /><testcase classname="tests.db.test_audit_and_payouts" name="test_an_unpaid_claim_has_no_payout" time="0.137" /><testcase classname="tests.db.test_audit_and_payouts" name="test_a_rejected_claim_is_never_paid" time="0.160" /><testcase classname="tests.db.test_claim_persistence" name="test_a_claim_created_through_the_api_is_persisted" time="0.101" /><testcase classname="tests.db.test_claim_persistence" name="test_money_is_stored_exactly" time="0.104" /><testcase classname="tests.db.test_claim_persistence" name="test_updating_a_draft_is_persisted" time="0.115" /><testcase classname="tests.db.test_claim_persistence" name="test_withdrawing_a_claim_is_a_soft_delete" time="0.136" /><testcase classname="tests.db.test_claim_persistence" name="test_the_approving_actor_is_recorded_against_the_claim" time="0.185" /><testcase classname="tests.db.test_claim_persistence" name="test_a_rejected_write_leaves_no_row" time="0.114" /><testcase classname="tests.db.test_claim_persistence" name="test_passwords_are_never_stored_in_plaintext" time="0.074" /><testcase classname="tests.db.test_integrity" name="test_no_audit_row_points_at_a_missing_claim" time="0.080" /><testcase classname="tests.db.test_integrity" name="test_no_payout_points_at_a_missing_claim" time="0.077" /><testcase classname="tests.db.test_integrity" name="test_no_claim_has_ever_been_paid_twice" time="0.075" /><testcase classname="tests.db.test_integrity" name="test_every_paid_claim_has_a_payout" time="0.079" /><testcase classname="tests.db.test_integrity" name="test_no_payout_disagrees_with_its_claim" time="0.071" /><testcase classname="tests.db.test_integrity" name="test_every_claim_has_an_audit_trail" time="0.071" /><testcase classname="tests.db.test_integrity" name="test_money_is_stored_as_exact_numeric_not_floating_point" time="0.103" /><testcase classname="tests.db.test_integrity" name="test_a_claim_can_only_be_paid_once_at_the_storage_layer" time="0.073" /><testcase classname="tests.db.test_integrity" name="test_the_claims_table_constrains_status_and_amount" time="0.117" /><testcase classname="tests.db.test_integrity" name="test_the_qa_role_cannot_modify_anything[update]" time="0.078" /><testcase classname="tests.db.test_integrity" name="test_the_qa_role_cannot_modify_anything[delete]" time="0.190" /><testcase classname="tests.db.test_integrity" name="test_the_qa_role_cannot_modify_anything[insert]" time="0.065" /><testcase classname="tests.db.test_integrity" name="test_the_qa_role_cannot_modify_anything[truncate]" time="0.070" /><testcase classname="tests.e2e.test_claim_lifecycle" name="test_a_claim_filed_in_the_browser_is_visible_to_the_api_and_the_database[chromium]" time="1.546" /><testcase classname="tests.e2e.test_claim_lifecycle" name="test_a_claim_approved_in_the_browser_is_paid_correctly_in_the_ledger[chromium]" time="0.557" /><testcase classname="tests.e2e.test_claim_lifecycle" name="test_deactivating_a_user_immediately_ends_their_browser_session[chromium]" time="0.524" /><testcase classname="tests.e2e.test_claim_lifecycle" name="test_a_claim_withdrawn_in_the_browser_survives_in_the_database[chromium]" time="0.554" /><testcase classname="tests.ui.test_claim_form" name="test_submitting_a_valid_claim_creates_it[chromium]" time="0.430" /><testcase classname="tests.ui.test_claim_form" name="test_invalid_amounts_are_rejected_with_a_visible_message[chromium-zero]" time="0.443" /><testcase classname="tests.ui.test_claim_form" name="test_a_description_below_the_minimum_length_is_rejected[chromium]" time="0.420" /><testcase classname="tests.ui.test_claim_form" name="test_a_future_incident_date_is_rejected[chromium]" time="0.371" /><testcase classname="tests.ui.test_claim_form" name="test_an_amount_over_the_policy_coverage_limit_is_rejected[chromium]" time="0.402" /><testcase classname="tests.ui.test_claim_form" name="test_a_rejected_submission_keeps_what_the_user_typed[chromium]" time="0.387" /><testcase classname="tests.ui.test_claim_form" name="test_the_form_only_offers_policies_the_customer_holds[chromium]" time="0.250" /><testcase classname="tests.ui.test_claim_workflow" name="test_a_customer_can_submit_their_draft[chromium]" time="0.361" /><testcase classname="tests.ui.test_claim_workflow" name="test_an_adjuster_can_review_and_approve[chromium]" time="0.470" /><testcase classname="tests.ui.test_claim_workflow" name="test_the_audit_trail_is_visible_and_complete[chromium]" time="0.379" /><testcase classname="tests.ui.test_claim_workflow" name="test_a_settled_claim_offers_no_further_actions[chromium]" time="0.343" /><testcase classname="tests.ui.test_claim_workflow" name="test_the_approve_button_is_offered_but_the_server_refuses_over_the_limit[chromium]" time="0.437" /><testcase classname="tests.ui.test_claim_workflow" name="test_a_customer_never_sees_another_customers_claim[chromium]" time="0.341" /><testcase classname="tests.ui.test_claim_workflow" name="test_a_customer_cannot_reach_the_admin_area_by_typing_the_url[chromium]" time="0.190" /><testcase classname="tests.ui.test_claim_workflow" name="test_the_admin_link_is_hidden_from_a_customer_and_shown_to_an_administrator[chromium]" time="0.465" /><testcase classname="tests.ui.test_claim_workflow" name="test_an_administrator_can_see_the_user_list[chromium]" time="0.238" /><testcase classname="tests.ui.test_claims_list" name="test_a_claim_created_through_the_api_appears_in_the_table[chromium]" time="0.348" /><testcase classname="tests.ui.test_claims_list" name="test_searching_narrows_the_table_to_one_claim[chromium]" time="0.355" /><testcase classname="tests.ui.test_claims_list" name="test_a_search_matching_nothing_shows_the_empty_state[chromium]" time="0.317" /><testcase classname="tests.ui.test_claims_list" name="test_filtering_by_status_shows_only_that_status[chromium]" time="0.284" /><testcase classname="tests.ui.test_claims_list" name="test_a_new_claim_is_absent_from_a_non_matching_status_filter[chromium]" time="0.315" /><testcase classname="tests.ui.test_claims_list" name="test_sorting_by_amount_orders_the_visible_rows[chromium]" time="0.339" /><testcase classname="tests.ui.test_claims_list" name="test_the_table_paginates[chromium]" time="0.453" /><testcase classname="tests.ui.test_claims_list" name="test_opening_a_claim_from_the_table_navigates_to_its_detail_page[chromium]" time="0.454" /><testcase classname="tests.ui.test_login" name="test_a_customer_can_sign_in[chromium]" time="0.418" /><testcase classname="tests.ui.test_login" name="test_signing_in_with_a_wrong_password_shows_an_error[chromium]" time="0.388" /><testcase classname="tests.ui.test_login" name="test_an_unknown_account_gives_the_same_message_as_a_wrong_password[chromium]" time="0.322" /><testcase classname="tests.ui.test_login" name="test_the_password_field_masks_input[chromium]" time="0.174" /><testcase classname="tests.ui.test_login" name="test_signing_out_ends_the_session[chromium]" time="0.342" /><testcase classname="tests.ui.test_login" name="test_an_anonymous_visitor_is_redirected_to_sign_in[chromium]" time="0.190" /><testcase classname="tests.framework.test_allure_support" name="test_the_environment_block_is_sorted_so_two_runs_can_be_diffed" time="0.018" /><testcase classname="tests.framework.test_allure_support" name="test_windows_paths_survive_the_properties_format" time="0.016" /><testcase classname="tests.framework.test_allure_support" name="test_a_newline_cannot_break_the_next_entry" time="0.019" /><testcase classname="tests.framework.test_allure_support" name="test_booleans_render_the_way_a_reader_expects" time="0.016" /><testcase classname="tests.framework.test_allure_support" name="test_the_categories_file_is_valid_json_and_every_regex_compiles" time="0.018" /><testcase classname="tests.framework.test_allure_support" name="test_the_catch_all_categories_come_last" time="0.016" /><testcase classname="tests.framework.test_allure_support" name="test_environment_failures_are_recognised_by_exception_type[claimdesk_qa.core.exceptions.ServiceNotReadyError: ClaimDesk at ... not ready-True]" time="0.020" /><testcase classname="tests.framework.test_allure_support" name="test_environment_failures_are_recognised_by_exception_type[claimdesk_qa.db.connection.DatabaseError: could not connect-True]" time="0.018" /><testcase classname="tests.framework.test_allure_support" name="test_environment_failures_are_recognised_by_exception_type[httpx.ConnectError: [Errno 111] Connection refused-True]" time="0.017" /><testcase classname="tests.framework.test_allure_support" name="test_environment_failures_are_recognised_by_exception_type[psycopg.errors.InsufficientPrivilege: permission denied for table claims-True]" time="0.017" /><testcase classname="tests.framework.test_allure_support" name="test_environment_failures_are_recognised_by_exception_type[AssertionError: Expected HTTP 201 but got 500-False]" time="0.020" /><testcase classname="tests.framework.test_allure_support" name="test_every_pattern_can_match_across_a_multi_line_value[Environment problem (not a product defect)]" time="0.017" /><testcase classname="tests.framework.test_allure_support" name="test_every_pattern_can_match_across_a_multi_line_value[Contract violation (response did not match its model)]" time="0.017" /><testcase classname="tests.framework.test_allure_support" name="test_every_pattern_can_match_across_a_multi_line_value[Wrong HTTP status]" time="0.018" /><testcase classname="tests.framework.test_allure_support" name="test_every_pattern_can_match_across_a_multi_line_value[Browser timeout (element never became actionable)]" time="0.019" /><testcase classname="tests.framework.test_allure_support" name="test_every_pattern_can_match_across_a_multi_line_value[Skipped by configuration]" time="0.017" /><testcase classname="tests.framework.test_allure_support" name="test_every_pattern_can_match_across_a_multi_line_value[Product defect]" time="0.018" /><testcase classname="tests.framework.test_allure_support" name="test_every_pattern_can_match_across_a_multi_line_value[Test defect (the test itself raised)]" time="0.017" /><testcase classname="tests.framework.test_allure_support" name="test_a_local_run_gets_no_executor_block" time="0.016" /><testcase classname="tests.framework.test_allure_support" name="test_github_actions_produces_a_link_back_to_the_run" time="0.015" /><testcase classname="tests.framework.test_allure_support" name="test_jenkins_is_recognised_too" time="0.015" /><testcase classname="tests.framework.test_allure_support" name="test_a_missing_build_number_does_not_crash_the_run" time="0.015" /><testcase classname="tests.framework.test_allure_support" name="test_severity_reflects_triage_order[markers0-critical]" time="0.017" /><testcase classname="tests.framework.test_allure_support" name="test_severity_reflects_triage_order[markers1-normal]" time="0.023" /><testcase classname="tests.framework.test_allure_support" name="test_severity_reflects_triage_order[markers2-normal]" time="0.038" /><testcase classname="tests.framework.test_allure_support" name="test_severity_reflects_triage_order[markers3-minor]" time="0.028" /><testcase classname="tests.framework.test_allure_support" name="test_metadata_is_written_into_the_results_directory" time="0.020" /><testcase classname="tests.framework.test_allure_support" name="test_the_results_directory_is_created_if_it_does_not_exist" time="0.022" /><testcase classname="tests.framework.test_artifacts" name="test_node_id_becomes_a_safe_directory_name" time="0.015" /><testcase classname="tests.framework.test_artifacts" name="test_characters_illegal_in_a_windows_path_are_removed[tests/ui/test_x.py::test_quote[&quot;value&quot;]]" time="0.018" /><testcase classname="tests.framework.test_artifacts" name="test_characters_illegal_in_a_windows_path_are_removed[tests/api/test_x.py::test_pipe[a|b]]" time="0.018" /><testcase classname="tests.framework.test_artifacts" name="test_characters_illegal_in_a_windows_path_are_removed[tests/api/test_x.py::test_colon[10:30]]" time="0.017" /><testcase classname="tests.framework.test_artifacts" name="test_characters_illegal_in_a_windows_path_are_removed[tests/api/test_x.py::test_star[*]]" time="0.018" /><testcase classname="tests.framework.test_artifacts" name="test_characters_illegal_in_a_windows_path_are_removed[tests/api/test_x.py::test_question[?]]" time="0.018" /><testcase classname="tests.framework.test_artifacts" name="test_long_node_ids_are_truncated_but_stay_unique" time="0.017" /><testcase classname="tests.framework.test_artifacts" name="test_slug_is_stable_for_the_same_node_id" time="0.020" /><testcase classname="tests.framework.test_artifacts" name="test_run_ids_sort_chronologically_and_do_not_collide" time="0.020" /><testcase classname="tests.framework.test_artifacts" name="test_run_id_is_taken_from_the_environment_when_present" time="0.019" /><testcase classname="tests.framework.test_artifacts" name="test_explicit_run_id_beats_the_environment" time="0.018" /><testcase classname="tests.framework.test_artifacts" name="test_worker_defaults_to_main_outside_xdist" time="0.019" /><testcase classname="tests.framework.test_artifacts" name="test_worker_is_read_from_xdist" time="0.016" /><testcase classname="tests.framework.test_artifacts" name="test_each_worker_writes_its_own_log_file" time="0.016" /><testcase classname="tests.framework.test_artifacts" name="test_directories_are_created_lazily" time="0.019" /><testcase classname="tests.framework.test_artifacts" name="test_path_for_returns_a_file_inside_the_test_directory" time="0.018" /><testcase classname="tests.framework.test_artifacts" name="test_empty_directories_are_pruned_but_evidence_is_kept" time="0.021" /><testcase classname="tests.framework.test_artifacts" name="test_pruning_an_absent_run_directory_is_harmless" time="0.022" /><testcase classname="tests.framework.test_artifacts" name="test_pruning_survives_another_worker_removing_a_directory_first" time="0.037" /><testcase classname="tests.framework.test_artifacts" name="test_pruning_keeps_a_directory_that_gained_evidence_mid_sweep" time="0.026" /><testcase classname="tests.framework.test_logging_and_correlation" name="test_request_id_is_stable_across_runs" time="0.021" /><testcase classname="tests.framework.test_logging_and_correlation" name="test_different_tests_get_different_request_ids" time="0.016" /><testcase classname="tests.framework.test_logging_and_correlation" name="test_request_id_is_safe_as_an_http_header_value" time="0.016" /><testcase classname="tests.framework.test_logging_and_correlation" name="test_run_id_can_be_folded_in_to_separate_concurrent_runs" time="0.016" /><testcase classname="tests.framework.test_logging_and_correlation" name="test_configure_logging_is_idempotent" time="0.018" /><testcase classname="tests.framework.test_logging_and_correlation" name="test_messages_reach_the_worker_log_file" time="0.030" /><testcase classname="tests.framework.test_logging_and_correlation" name="test_a_record_from_a_child_logger_still_reaches_the_file" time="0.029" /><testcase classname="tests.framework.test_logging_and_correlation" name="test_request_id_filter_does_not_overwrite_an_explicit_value" time="0.020" /><testcase classname="tests.framework.test_logging_and_correlation" name="test_context_variable_is_restored_after_the_block" time="0.018" /><testcase classname="tests.framework.test_logging_and_correlation" name="test_context_variable_is_restored_even_when_the_block_raises" time="0.018" /><testcase classname="tests.framework.test_logging_and_correlation" name="test_the_default_outside_any_context_is_a_placeholder" time="0.020" /><testcase classname="tests.framework.test_logging_and_correlation" name="test_per_test_log_captures_only_its_own_window" time="0.032" /><testcase classname="tests.framework.test_logging_and_correlation" name="test_debug_detail_reaches_the_files_even_when_the_console_is_quiet" time="0.034" /><testcase classname="tests.framework.test_logging_and_correlation" name="test_the_correlation_id_reaches_every_destination_not_just_the_test_file" time="0.037" /><testcase classname="tests.framework.test_logging_and_correlation" name="test_the_handler_is_removed_even_when_the_test_raises" time="0.023" /><testcase classname="tests.framework.test_readiness" name="test_returns_immediately_when_already_ready" time="0.023" /><testcase classname="tests.framework.test_readiness" name="test_polls_until_the_service_comes_up" time="0.039" /><testcase classname="tests.framework.test_readiness" name="test_times_out_with_a_message_that_blames_the_environment" time="0.029" /><testcase classname="tests.framework.test_readiness" name="test_never_sleeps_past_the_deadline" time="0.019" /><testcase classname="tests.framework.test_readiness" name="test_a_zero_timeout_still_gives_the_probe_one_attempt" time="0.016" /><testcase classname="tests.framework.test_recording" name="test_nothing_is_recorded_outside_a_test" time="0.018" /><testcase classname="tests.framework.test_recording" name="test_entries_are_captured_in_order_and_kept_apart" time="0.017" /><testcase classname="tests.framework.test_recording" name="test_an_empty_recording_says_so_rather_than_rendering_nothing" time="0.019" /><testcase classname="tests.framework.test_recording" name="test_the_recorder_does_not_leak_into_the_next_test" time="0.020" /><testcase classname="tests.framework.test_recording" name="test_the_recorder_is_reset_even_when_the_test_raises" time="0.021" /><testcase classname="tests.framework.test_recording" name="test_history_is_bounded_and_says_what_it_dropped" time="0.018" /><testcase classname="tests.framework.test_settings" name="test_defaults_are_usable_without_any_environment_variables" time="0.022" /><testcase classname="tests.framework.test_settings" name="test_environment_is_read_from_the_test_env_alias" time="0.022" /><testcase classname="tests.framework.test_settings" name="test_unknown_environment_is_rejected" time="0.021" /><testcase classname="tests.framework.test_settings" name="test_environment_variables_override_defaults" time="0.024" /><testcase classname="tests.framework.test_settings" name="test_dotenv_file_is_read_when_provided" time="0.024" /><testcase classname="tests.framework.test_settings" name="test_real_environment_beats_the_dotenv_file" time="0.035" /><testcase classname="tests.framework.test_settings" name="test_trailing_slash_is_stripped_from_urls" time="0.022" /><testcase classname="tests.framework.test_settings" name="test_non_http_urls_are_rejected[localhost:8000]" time="0.026" /><testcase classname="tests.framework.test_settings" name="test_non_http_urls_are_rejected[ftp://localhost]" time="0.034" /><testcase classname="tests.framework.test_settings" name="test_non_http_urls_are_rejected[://nope]" time="0.023" /><testcase classname="tests.framework.test_settings" name="test_non_http_urls_are_rejected[  ]" time="0.022" /><testcase classname="tests.framework.test_settings" name="test_api_url_is_derived_from_base_url" time="0.021" /><testcase classname="tests.framework.test_settings" name="test_api_url_can_be_overridden_independently" time="0.022" /><testcase classname="tests.framework.test_settings" name="test_out_of_range_values_fail_fast[DB_PORT-0]" time="0.022" /><testcase classname="tests.framework.test_settings" name="test_out_of_range_values_fail_fast[DB_PORT-70000]" time="0.020" /><testcase classname="tests.framework.test_settings" name="test_out_of_range_values_fail_fast[HTTP_TIMEOUT_SECONDS-0]" time="0.020" /><testcase classname="tests.framework.test_settings" name="test_out_of_range_values_fail_fast[HTTP_TIMEOUT_SECONDS--1]" time="0.021" /><testcase classname="tests.framework.test_settings" name="test_out_of_range_values_fail_fast[UI_ACTION_TIMEOUT_MS-0]" time="0.020" /><testcase classname="tests.framework.test_settings" name="test_out_of_range_values_fail_fast[LOG_LEVEL-chatty]" time="0.021" /><testcase classname="tests.framework.test_settings" name="test_log_level_is_normalised_to_upper_case" time="0.019" /><testcase classname="tests.framework.test_settings" name="test_enabling_the_database_without_a_password_is_an_actionable_error" time="0.020" /><testcase classname="tests.framework.test_settings" name="test_database_may_be_disabled_entirely" time="0.019" /><testcase classname="tests.framework.test_settings" name="test_dsn_is_built_correctly_and_url_encodes_the_password" time="0.019" /><testcase classname="tests.framework.test_settings" name="test_masked_report_block_contains_no_secrets" time="0.019" /><testcase classname="tests.framework.test_settings" name="test_repr_of_settings_does_not_leak_secrets" time="0.020" /><testcase classname="tests.framework.test_settings" name="test_safe_dsn_masks_the_password" time="0.018" /><testcase classname="tests.framework.test_settings" name="test_ci_forces_headless_even_if_asked_otherwise" time="0.018" /><testcase classname="tests.framework.test_settings" name="test_settings_are_immutable" time="0.020" /><testcase classname="tests.framework.test_settings" name="test_get_settings_is_cached" time="0.023" /><testcase classname="tests.framework.test_settings" name="test_masked_block_answers_which_environment_this_run_targeted" time="0.027" /><testcase classname="tests.framework.test_settings" name="test_the_shipped_env_example_actually_loads" time="0.024" /><testcase classname="tests.framework.test_settings" name="test_settings_can_be_constructed_directly_for_tests" time="0.017" /><testcase classname="tests.framework.test_tls" name="test_the_context_is_built_once_and_reused" time="0.017" /><testcase classname="tests.framework.test_tls" name="test_the_shared_context_still_verifies_certificates" time="0.018" /><testcase classname="tests.framework.test_tls" name="test_the_shared_context_refuses_obsolete_protocols" time="0.018" /><testcase classname="tests.ui.test_claim_form" name="test_invalid_amounts_are_rejected_with_a_visible_message[chromium-negative]" time="0.436" /><testcase classname="tests.ui.test_claim_form" name="test_invalid_amounts_are_rejected_with_a_visible_message[chromium-not-a-number]" time="0.564" /></testsuite></testsuites>